Content-Type: text/plain
layer at (0,0) size 800x600
  RenderView at (0,0) size 800x600
layer at (0,0) size 800x62
  RenderBlock {HTML} at (0,0) size 800x62
    RenderBody {BODY} at (8,8) size 784x46
      RenderTextControl {INPUT} at (2,2) size 205x24 [bgcolor=#FFFFFF] [border: (2px inset #EEEEEE)]
      RenderText {#text} at (209,5) size 10x18
        text run at (209,5) width 10: " "
      RenderText {#text} at (0,0) size 0x0
      RenderText {#text} at (219,5) size 370x18
        text run at (219,5) width 370: "expected input.value to be \"A\", got A"
      RenderText {#text} at (589,5) size 669x41
        text run at (589,5) width 80: "expected"
        text run at (0,28) width 280: "input.value to be \"C\", got C"
layer at (12,13) size 201x18
  RenderBlock {DIV} at (2,3) size 201x18
    RenderText {#text} at (0,0) size 10x18
      text run at (0,0) width 10: "C"
