Content-Type: text/plain
layer at (0,0) size 800x600
  RenderView at (0,0) size 800x600
layer at (0,0) size 800x246
  RenderBlock {HTML} at (0,0) size 800x246
    RenderBody {BODY} at (8,8) size 784x222
      RenderBlock (anonymous) at (0,0) size 784x18
        RenderText {#text} at (0,0) size 520x18
          text run at (0,0) width 520: "You should see counting numbers from \"one\" to \"six\":"
        RenderText {#text} at (0,0) size 0x0
      RenderBlock {P} at (0,34) size 784x18
        RenderText {#text} at (0,0) size 30x18
          text run at (0,0) width 30: "one"
      RenderBlock {P} at (0,68) size 784x18
        RenderText {#text} at (0,0) size 30x18
          text run at (0,0) width 30: "two"
      RenderBlock {P} at (0,102) size 784x18
        RenderText {#text} at (0,0) size 50x18
          text run at (0,0) width 50: "three"
      RenderBlock {P} at (0,136) size 784x18
        RenderText {#text} at (0,0) size 40x18
          text run at (0,0) width 40: "four"
      RenderBlock (anonymous) at (0,170) size 784x0
        RenderText {#text} at (0,0) size 0x0
        RenderText {#text} at (0,0) size 0x0
        RenderText {#text} at (0,0) size 0x0
      RenderBlock {P} at (0,170) size 784x18
        RenderText {#text} at (0,0) size 40x18
          text run at (0,0) width 40: "five"
      RenderBlock {P} at (0,204) size 784x18
        RenderText {#text} at (0,0) size 30x18
          text run at (0,0) width 30: "six"
      RenderBlock (anonymous) at (0,238) size 784x0
        RenderText {#text} at (0,0) size 0x0
        RenderText {#text} at (0,0) size 0x0
        RenderText {#text} at (0,0) size 0x0
