Content-Type: text/plain
layer at (0,0) size 800x600
  RenderView at (0,0) size 800x600
layer at (0,0) size 800x34
  RenderBlock {HTML} at (0,0) size 800x34
    RenderBody {BODY} at (8,8) size 784x18
      RenderBlock {DIV} at (0,0) size 784x0
      RenderBlock {DIV} at (0,0) size 784x18
        RenderBlock {DIV} at (0,0) size 784x18
          RenderBlock {DIV} at (0,0) size 784x18
            RenderText {#text} at (0,0) size 250x18
              text run at (0,0) width 250: "this should say 'hello': "
            RenderText {#text} at (250,0) size 50x18
              text run at (250,0) width 50: "hello"
