Content-Type: text/plain
layer at (0,0) size 800x600
  RenderView at (0,0) size 800x600
layer at (0,0) size 800x241
  RenderBlock {HTML} at (0,0) size 800x241
    RenderBody {BODY} at (8,8) size 784x225
      RenderBlock {UL} at (5,0) size 774x110 [color=#FF0000]
        RenderBlock (anonymous) at (40,0) size 734x20
          RenderText {#text} at (0,0) size 195x19
            text run at (0,0) width 195: "Header using x-comp-apply-li"
        RenderListItem {LI} at (40,20) size 734x30 [color=#008000]
          RenderListMarker at (-18,5) size 7x19: bullet
          RenderText {#text} at (5,5) size 88x19
            text run at (5,5) width 88: "Item Green #1"
          RenderText {#text} at (0,0) size 0x0
        RenderListItem {LI} at (40,50) size 734x30 [color=#0000FF]
          RenderListMarker at (-18,5) size 7x19: bullet
          RenderText {#text} at (5,5) size 78x19
            text run at (5,5) width 78: "Item Blue #2"
          RenderText {#text} at (0,0) size 0x0
        RenderListItem {LI} at (40,80) size 734x30 [color=#008000]
          RenderListMarker at (-18,5) size 7x19: bullet
          RenderText {#text} at (5,5) size 88x19
            text run at (5,5) width 88: "Item Green #3"
          RenderText {#text} at (0,0) size 0x0
      RenderBlock {UL} at (5,115) size 774x110 [color=#FF0000]
        RenderBlock (anonymous) at (40,0) size 734x20
          RenderText {#text} at (0,0) size 208x19
            text run at (0,0) width 208: "Header using x-comp-apply-li-2"
        RenderListItem {LI} at (40,20) size 734x30 [color=#FFA500]
          RenderListMarker at (-18,5) size 7x19: bullet
          RenderText {#text} at (5,5) size 97x19
            text run at (5,5) width 97: "Odd Orange #1"
          RenderText {#text} at (0,0) size 0x0
        RenderListItem {LI} at (40,50) size 734x30 [color=#FFA500]
          RenderListMarker at (-18,5) size 7x19: bullet
          RenderText {#text} at (5,5) size 170x19
            text run at (5,5) width 170: "Even Orange #2 (class .foo)"
          RenderText {#text} at (0,0) size 0x0
        RenderListItem {LI} at (40,80) size 734x30 [color=#FFA500]
          RenderListMarker at (-18,5) size 7x19: bullet
          RenderText {#text} at (5,5) size 97x19
            text run at (5,5) width 97: "Odd Orange #3"
          RenderText {#text} at (0,0) size 0x0
