Content-Type: text/plain
layer at (0,0) size 800x600
  RenderView at (0,0) size 800x600
layer at (0,0) size 800x566
  RenderBlock {HTML} at (0,0) size 800x565.75
    RenderBody {BODY} at (8,21.44) size 784x536.31
      RenderBlock {H1} at (0,0) size 784x37
        RenderText {#text} at (0,0) size 278x36
          text run at (0,0) width 278: "Apply Author Styles"
      RenderBlock {DIV} at (5,58.44) size 774x27 [color=#FF0000]
        RenderText {#text} at (0,0) size 123x26
          text run at (0,0) width 123: "test #1 (red)"
      RenderBlock {DIV} at (5,90.44) size 774x37 [color=#FF0000]
        RenderBlock (anonymous) at (0,0) size 774x0
          RenderInline {SPAN} at (0,0) size 0x0
            RenderText {#text} at (0,0) size 0x0
        RenderBlock (anonymous) at (0,0) size 774x37
          RenderBlock {DIV} at (5,0) size 764x37 [color=#0000FF]
            RenderText {#text} at (5,5) size 153x26
              text run at (5,5) width 153: "x-comp1 (blue)"
            RenderText {#text} at (0,0) size 0x0
        RenderBlock (anonymous) at (0,42) size 774x0
          RenderInline {SPAN} at (0,0) size 0x0
          RenderText {#text} at (0,0) size 0x0
      RenderBlock {DIV} at (5,132.44) size 774x27 [color=#FF0000]
        RenderInline {SPAN} at (0,0) size 321x26
          RenderText {#text} at (0,0) size 0x0
          RenderInline {DIV} at (0,0) size 311x28 [color=#008000] [border: (1px solid #008000)]
            RenderText {#text} at (0,0) size 0x0
            RenderText {#text} at (6,0) size 309x26
              text run at (6,0) width 309: "x-comp3 (green/green border)"
            RenderText {#text} at (0,0) size 0x0
          RenderText {#text} at (0,0) size 0x0
        RenderText {#text} at (0,0) size 0x0
      RenderBlock {DIV} at (5,164.44) size 774x29 [color=#FF0000]
        RenderBlock (anonymous) at (0,0) size 774x0
          RenderInline {SPAN} at (0,0) size 0x0
            RenderText {#text} at (0,0) size 0x0
        RenderBlock (anonymous) at (0,0) size 774x29
          RenderBlock {DIV} at (0,0) size 774x29 [color=#FFFF00] [border: (1px solid #FFFF00)]
            RenderText {#text} at (1,1) size 383x26
              text run at (1,1) width 383: "x-comp1-reset (yellow/yellow border)"
            RenderText {#text} at (0,0) size 0x0
        RenderBlock (anonymous) at (0,29) size 774x0
          RenderInline {SPAN} at (0,0) size 0x0
          RenderText {#text} at (0,0) size 0x0
      RenderBlock {DIV} at (5,198.44) size 774x27 [color=#FF0000]
        RenderText {#text} at (0,0) size 123x26
          text run at (0,0) width 123: "test #4 (red)"
      RenderBlock (anonymous) at (0,230.44) size 784x0
        RenderInline {SPAN} at (0,0) size 0x0
          RenderText {#text} at (0,0) size 0x0
      RenderBlock (anonymous) at (0,230.44) size 784x81
        RenderBlock {DIV} at (5,0) size 774x81 [color=#800080] [border: (3px solid #800080)]
          RenderBlock {BLOCKQUOTE} at (43,27) size 688x27 [color=#FF00FF]
            RenderText {#text} at (0,0) size 435x26
              text run at (0,0) width 435: "x-comp4 (magenta text purple border 2px)"
            RenderText {#text} at (0,0) size 0x0
      RenderBlock (anonymous) at (0,316.44) size 784x0
        RenderInline {SPAN} at (0,0) size 0x0
        RenderText {#text} at (0,0) size 0x0
      RenderBlock {H1} at (0,332.88) size 784x37
        RenderText {#text} at (0,0) size 334x36
          text run at (0,0) width 334: "NO Apply Author Styles"
      RenderBlock (anonymous) at (0,391.31) size 784x27
        RenderInline {DIV} at (0,0) size 542x28 [color=#008000] [border: (1px solid #008000)]
          RenderText {#text} at (6,0) size 540x26
            text run at (6,0) width 540: "Test with class a2 (green solid border display: inline)"
        RenderText {#text} at (0,0) size 0x0
      RenderBlock {DIV} at (5,423.31) size 774x27 [color=#FF0000]
        RenderInline {SPAN} at (0,0) size 636x26
          RenderText {#text} at (0,0) size 0x0
          RenderInline {DIV} at (0,0) size 626x58 [color=#800080] [border: (1px solid #800080)]
            RenderText {#text} at (0,0) size 0x0
            RenderText {#text} at (21,0) size 594x26
              text run at (21,0) width 594: "x-comp2 with class a2 (purple solid border display: inline)"
            RenderText {#text} at (0,0) size 0x0
          RenderText {#text} at (0,0) size 0x0
        RenderText {#text} at (0,0) size 0x0
      RenderBlock {DIV} at (5,465.31) size 774x29 [color=#FF0000]
        RenderBlock (anonymous) at (0,0) size 774x0
          RenderInline {SPAN} at (0,0) size 0x0
            RenderText {#text} at (0,0) size 0x0
        RenderBlock (anonymous) at (0,0) size 774x29
          RenderBlock {DIV} at (15,0) size 744x29 [color=#FFA500] [border: (1px dashed #FFA500)]
            RenderText {#text} at (1,1) size 684x26
              text run at (1,1) width 684: "x-comp2-reset with class a2 (orange dashed border display: block;)"
            RenderText {#text} at (0,0) size 0x0
        RenderBlock (anonymous) at (0,44) size 774x0
          RenderInline {SPAN} at (0,0) size 0x0
          RenderText {#text} at (0,0) size 0x0
      RenderBlock (anonymous) at (0,509.31) size 784x27
        RenderInline {DIV} at (0,0) size 542x28 [color=#008000] [border: (1px solid #008000)]
          RenderText {#text} at (6,0) size 540x26
            text run at (6,0) width 540: "Test with class a2 (green solid border display: inline)"
        RenderText {#text} at (0,0) size 0x0
        RenderText {#text} at (0,0) size 0x0
